[2025-03-09 14:11:49] Registration request received
[2025-03-09 14:11:49] Database connection successful
[2025-03-09 14:11:49] Raw request data {"first_name":"applicant","last_name":"applicant","email":"applicant@gmail.com","username":"applicant@gmail.com","password":"test123123","role":"applicant","full_name":"applicant applicant"}
[2025-03-09 14:11:49] Registration error SQLSTATE[42S22]: Column not found: 1054 Unknown column 'first_name' in 'field list'
[2025-03-09 14:15:17] Registration request received
[2025-03-09 14:15:17] Database connection successful
[2025-03-09 14:15:17] Raw request data {"first_name":"applicant","last_name":"applicant","email":"applicant@gmail.com","username":"applicant","password":"test123123","role":"applicant","full_name":"applicant applicant"}
[2025-03-09 14:15:17] User registered successfully {"id":"6","username":"applicant","role":"applicant"}
[2025-03-09 14:16:01] Registration request received
[2025-03-09 14:16:01] Database connection successful
[2025-03-09 14:16:01] Raw request data {"first_name":"admin","last_name":"admin","email":"admin@gmail.com","username":"admin","password":"test123123","role":"administrator","full_name":"admin admin"}
[2025-03-09 14:16:01] User registered successfully {"id":"7","username":"admin","role":"administrator"}
[2025-03-09 14:38:54] Registration request received
[2025-03-09 14:38:54] Database connection successful
[2025-03-09 14:38:54] Raw request data {"first_name":"trainee","last_name":"trainee","email":"trainee@gmail.com","username":"trainee","password":"test123123","role":"trainee","full_name":"trainee trainee"}
[2025-03-09 14:38:54] User registered successfully {"id":"8","username":"trainee","role":"trainee"}
[2025-03-09 14:39:22] Registration request received
[2025-03-09 14:39:22] Database connection successful
[2025-03-09 14:39:22] Raw request data {"first_name":"trainer","last_name":"trainer","email":"trainer@gmail.com","username":"trainer","password":"test123123","role":"trainer","full_name":"trainer trainer"}
[2025-03-09 14:39:22] User registered successfully {"id":"9","username":"trainer","role":"trainer"}
[2025-03-10 07:51:19] Registration request received
[2025-03-10 07:51:19] Database connection successful
[2025-03-10 07:51:19] Raw request data {"first_name":"admin1","last_name":"admin1","email":"admin1@gmail.com","username":"admin1","password":"test123123","role":"administrator","full_name":"admin1 admin1"}
[2025-03-10 07:51:20] User registered successfully {"id":"10","username":"admin1","role":"administrator"}
[2025-03-10 08:09:01] Registration request received
[2025-03-10 08:09:01] Database connection successful
[2025-03-10 08:09:01] Raw request data {"first_name":"admin2","last_name":"admin2","email":"admin2@gmail.com","username":"admin2","password":"test123123","role":"administrator","full_name":"admin2 admin2"}
[2025-03-10 08:09:01] User registered successfully {"id":"11","username":"admin2","role":"administrator"}
[2025-03-14 16:17:21] Registration request received
[2025-03-14 16:17:21] Database connection successful
[2025-03-14 16:17:21] Raw request data {"first_name":"admin1","last_name":"admin1","email":"admin1@gmail.com","username":"admin1","password":"test123123","role":"administrator","full_name":"admin1 admin1"}
[2025-03-14 16:17:21] User registered successfully {"id":"5","username":"admin1","role":"administrator"}
[2025-03-18 03:20:43] Registration request received
[2025-03-18 03:20:43] Database connection successful
[2025-03-18 03:20:43] Raw request data {"first_name":"applicant2","last_name":"applicant2","email":"applicant2@gmail.com","username":"applicant2","password":"test123123","role":"applicant","full_name":"applicant2 applicant2"}
[2025-03-18 03:20:43] Registration error SQLSTATE[42S02]: Base table or view not found: 1146 Table 'lms_forbes.applicants' doesn't exist
[2025-03-18 03:23:26] Registration request received
[2025-03-18 03:23:26] Database connection successful
[2025-03-18 03:23:26] Raw request data "{\"first_name\":\"applicant2\",\"last_name\":\"applicant2\",\"email\":\"applicant2@gmail.com\",\"username\":\"applicant2\",\"password\":\"test123123\",\"role\":\"applicant\",\"full_name\":\"applicant2 applicant2\"}"
[2025-03-18 03:23:26] User already exists {"username":"applicant2","email":"applicant2@gmail.com"}
[2025-03-18 03:24:08] Registration request received
[2025-03-18 03:24:08] Database connection successful
[2025-03-18 03:24:08] Raw request data "{\"first_name\":\"applicant2\",\"last_name\":\"applicant2\",\"email\":\"applicant2@gmail.com\",\"username\":\"applicant2\",\"password\":\"test123123\",\"role\":\"applicant\",\"full_name\":\"applicant2 applicant2\"}"
[2025-03-18 03:24:08] User registered successfully {"id":"8","username":"applicant2","role":"applicant"}
[2025-03-18 03:24:46] Registration request received
[2025-03-18 03:24:46] Database connection successful
[2025-03-18 03:24:46] Raw request data "{\"first_name\":\"applicant1\",\"last_name\":\"applicant1\",\"email\":\"applicant1@gmail.com\",\"username\":\"applicant1\",\"password\":\"test123123\",\"role\":\"applicant\",\"full_name\":\"applicant1 applicant1\"}"
[2025-03-18 03:24:46] User registered successfully {"id":"9","username":"applicant1","role":"applicant"}
[2025-03-18 03:45:14] Registration request received
[2025-03-18 03:45:14] Database connection successful
[2025-03-18 03:45:14] Invalid request method "GET"
[2025-03-18 03:45:22] Registration request received
[2025-03-18 03:45:22] Database connection successful
[2025-03-18 03:45:22] Invalid request method "GET"
